CREATE TABLE
ALTER TABLE
--- 1. no frame at all: all four null — MUST SUCCEED ---
INSERT 0 1
--- 2. a valid frame: all four set, positive — MUST SUCCEED ---
INSERT 0 1
--- 3. partial frame (only x set) — MUST BE REFUSED ---
psql:verification/frame-attacks.sql:18: ERROR:  new row for relation "board" violates check constraint "board_frame_all_or_none"
DETAIL:  Failing row contains (b2a6d6dd-a4aa-4fee-b8b4-66ed7fad5a8b, 0, null, null, null).
--- 4. partial frame (w and h only, x/y missing) — MUST BE REFUSED ---
psql:verification/frame-attacks.sql:21: ERROR:  new row for relation "board" violates check constraint "board_frame_all_or_none"
DETAIL:  Failing row contains (fa948c48-4b2f-4bad-bd5b-9011f048e528, null, null, 800, 600).
--- 5. zero width — MUST BE REFUSED ---
psql:verification/frame-attacks.sql:25: ERROR:  new row for relation "board" violates check constraint "board_frame_positive"
DETAIL:  Failing row contains (135fe895-757c-4738-87e8-a94eb0ea6c42, 0, 0, 0, 600).
--- 6. negative height — MUST BE REFUSED ---
psql:verification/frame-attacks.sql:29: ERROR:  new row for relation "board" violates check constraint "board_frame_positive"
DETAIL:  Failing row contains (96c52119-2107-4efc-aa96-c15846ec56d4, 0, 0, 800, -1).
--- 7. NaN width (the antagonist catch: NaN > 0 is true in Postgres) — MUST BE REFUSED ---
psql:verification/frame-attacks.sql:33: ERROR:  new row for relation "board" violates check constraint "board_frame_positive"
DETAIL:  Failing row contains (22cbd64b-1458-44b0-94b8-ad6bfa54f3e9, 0, 0, NaN, 600).
--- 8. Infinity height — MUST BE REFUSED ---
psql:verification/frame-attacks.sql:37: ERROR:  new row for relation "board" violates check constraint "board_frame_positive"
DETAIL:  Failing row contains (b47c6a18-1b3f-4fc8-bfeb-59392b2dcba6, 0, 0, 800, Infinity).
--- 9. negative x/y (signed world coords) — MUST SUCCEED ---
INSERT 0 1
--- final: rows that made it in (expect exactly 3: the empty one, the -100/50 one, the -5000/-5000 one) ---
                  id                  | frame_x | frame_y | frame_w | frame_h 
--------------------------------------+---------+---------+---------+---------
 be2f851c-2f49-440b-b692-ef45b8aaf4be |         |         |         |        
 cc8a1e58-4a8d-450e-a50d-27d36b098d82 |   -5000 |   -5000 |     200 |     200
 86e9077c-756a-48f3-a422-7cb7beaede55 |    -100 |      50 |     800 |     600
(3 rows)

